<?xml version="1.0" encoding="UTF-8"?>
<TestRun id="ab7e591d-f414-4ef0-ab6b-ceb39716e7be" name="YJ@DESKTOP-5ABGS77 2019-04-17 16:28:27" runUser="DESKTOP-5ABGS77\YJ" xmlns="http://microsoft.com/schemas/VisualStudio/TeamTest/2010">
  <TestSettings name="로컬" id="49e18d15-f019-43ea-9883-30e4a0ac0f4f">
    <Description>로컬 테스트 실행에 대한 기본 테스트 설정입니다.</Description>
    <Deployment enabled="false" runDeploymentRoot="YJ_DESKTOP-5ABGS77 2019-04-17 16_28_27">
      <DeploymentItem filename="C:\Users\YJ\Documents\Visual Studio 2010\Projects\Ex\Ex\bin\Debug\Ex.exe" />
    </Deployment>
    <Execution>
      <TestTypeSpecific />
      <AgentRule name="Execution Agents">
      </AgentRule>
    </Execution>
  </TestSettings>
  <Times creation="2019-04-17T16:28:27.2107200+09:00" queuing="2019-04-17T16:28:27.3501407+09:00" start="2019-04-17T16:28:27.3651012+09:00" finish="2019-04-17T16:28:27.7143064+09:00" />
  <ResultSummary outcome="Completed">
    <Counters total="2" executed="2" passed="2" error="0" failed="0" timeout="0" aborted="0" inconclusive="0" passedButRunAborted="0" notRunnable="0" notExecuted="0" disconnected="0" warning="0" completed="0" inProgress="0" pending="0" />
  </ResultSummary>
  <TestDefinitions>
    <UnitTest name="Sub" storage="c:\users\yj\documents\visual studio 2010\projects\ex\testex\bin\debug\testex.dll" id="5af2d9fb-b03f-01c9-0cc8-35e9b45b5d07">
      <Execution id="76d4218d-7909-46fe-98c2-2e338a5ee285" />
      <TestMethod codeBase="C:/Users/YJ/documents/visual studio 2010/Projects/Ex/TestEx/bin/Debug/TestEx.DLL" adapterTypeName="Microsoft.VisualStudio.TestTools.TestTypes.Unit.UnitTestAdapter, Microsoft.VisualStudio.QualityTools.Tips.UnitTest.Adapter, Version=10.0.0.0, Culture=neutral, PublicKeyToken=b03f5f7f11d50a3a" className="TestEx.YejuneTest, TestEx, Version=1.0.0.0, Culture=neutral, PublicKeyToken=null" name="Sub" />
    </UnitTest>
    <UnitTest name="Add" storage="c:\users\yj\documents\visual studio 2010\projects\ex\testex\bin\debug\testex.dll" id="bcac4d2e-ffde-9067-15d2-f9e40babb9db">
      <Execution id="6c3be402-54ce-4de9-a9e2-e494fff12af7" />
      <TestMethod codeBase="C:/Users/YJ/documents/visual studio 2010/Projects/Ex/TestEx/bin/Debug/TestEx.DLL" adapterTypeName="Microsoft.VisualStudio.TestTools.TestTypes.Unit.UnitTestAdapter, Microsoft.VisualStudio.QualityTools.Tips.UnitTest.Adapter, Version=10.0.0.0, Culture=neutral, PublicKeyToken=b03f5f7f11d50a3a" className="TestEx.YejuneTest, TestEx, Version=1.0.0.0, Culture=neutral, PublicKeyToken=null" name="Add" />
    </UnitTest>
  </TestDefinitions>
  <TestLists>
    <TestList name="목록에 없는 결과" id="8c84fa94-04c1-424b-9868-57a2d4851a1d" />
    <TestList name="로드된 모든 결과" id="19431567-8539-422a-85d7-44ee4e166bda" />
  </TestLists>
  <TestEntries>
    <TestEntry testId="5af2d9fb-b03f-01c9-0cc8-35e9b45b5d07" executionId="76d4218d-7909-46fe-98c2-2e338a5ee285" testListId="8c84fa94-04c1-424b-9868-57a2d4851a1d" />
    <TestEntry testId="bcac4d2e-ffde-9067-15d2-f9e40babb9db" executionId="6c3be402-54ce-4de9-a9e2-e494fff12af7" testListId="8c84fa94-04c1-424b-9868-57a2d4851a1d" />
  </TestEntries>
  <Results>
    <UnitTestResult executionId="76d4218d-7909-46fe-98c2-2e338a5ee285" testId="5af2d9fb-b03f-01c9-0cc8-35e9b45b5d07" testName="Sub" computerName="DESKTOP-5ABGS77" duration="00:00:00.0086491" startTime="2019-04-17T16:28:27.3710846+09:00" endTime="2019-04-17T16:28:27.6844678+09:00" testType="13cdc9d9-ddb5-4fa4-a97d-d965ccfc6d4b" outcome="Passed" testListId="8c84fa94-04c1-424b-9868-57a2d4851a1d" relativeResultsDirectory="76d4218d-7909-46fe-98c2-2e338a5ee285">
    </UnitTestResult>
    <UnitTestResult executionId="6c3be402-54ce-4de9-a9e2-e494fff12af7" testId="bcac4d2e-ffde-9067-15d2-f9e40babb9db" testName="Add" computerName="DESKTOP-5ABGS77" duration="00:00:00.0001369" startTime="2019-04-17T16:28:27.6873803+09:00" endTime="2019-04-17T16:28:27.6903714+09:00" testType="13cdc9d9-ddb5-4fa4-a97d-d965ccfc6d4b" outcome="Passed" testListId="8c84fa94-04c1-424b-9868-57a2d4851a1d" relativeResultsDirectory="6c3be402-54ce-4de9-a9e2-e494fff12af7">
    </UnitTestResult>
  </Results>
</TestRun>